DEBUG ]: Old rlimit: soft -> 1024, hard -> 524288
DEBUG ]: New rlimit: soft -> 524288, hard -> 524288
WARN ]: WARNING: Hyprland is being launched without start-hyprland. This is highly advised against.
DEBUG ]: Creating the EventLoopManager!
DEBUG ]: Creating the KeybindManager!
DEBUG ]: Creating the AnimationManager!
DEBUG ]: Creating the DynamicPermissionManager!
DEBUG ]: Creating the MonitorState!
DEBUG ]: Creating the WorkspaceState!
DEBUG ]: Creating the ConfigManager!
DEBUG ]: [cfg] Regular config at /home/amethyne/.config/hypr/hyprland.lua
DEBUG ]: [cfg] Using lua config found at /home/amethyne/.config/hypr/hyprland.lua
DEBUG ]: Creating the Error Overlay!
DEBUG ]: Creating the LayoutManager!
DEBUG ]: Creating the TokenManager!
DEBUG ]: Creating the EventManager!
DEBUG ]: Disabling stdout logs (debug.enable_stdout_logs = 0). Further logs will be written to /run/user/1000/hypr/5c9377c15f85c50648f35ca5a213754f95b93ca0_1785701441_1299391376/hyprland.log
DEBUG ]: Creating the PointerManager!
DEBUG ]: Creating the AsyncResourceGatherer!
DEBUG from aquamarine ]: Creating an Aquamarine backend!
DEBUG from aquamarine ]: [libseat] [libseat/backend/seatd.c:64] Could not connect to socket /run/seatd.sock: No such file or directory
DEBUG from aquamarine ]: [libseat] [libseat/libseat.c:76] Backend 'seatd' failed to open seat, skipping
DEBUG from aquamarine ]: [libseat] [libseat/libseat.c:73] Seat opened with backend 'logind'
DEBUG from aquamarine ]: [libinput] event2  - QEMU QEMU USB Tablet: is tagged by udev as: Mouse
DEBUG from aquamarine ]: [libinput] event2  - QEMU QEMU USB Tablet: device is a pointer
DEBUG from aquamarine ]: [libinput] event0  - Power Button: is tagged by udev as: Keyboard
DEBUG from aquamarine ]: [libinput] event0  - Power Button: device is a keyboard
DEBUG from aquamarine ]: [libinput] event1  - AT Translated Set 2 keyboard: is tagged by udev as: Keyboard
DEBUG from aquamarine ]: [libinput] event1  - AT Translated Set 2 keyboard: device is a keyboard
DEBUG from aquamarine ]: [libinput] event4  - ImExPS/2 Generic Explorer Mouse: is tagged by udev as: Mouse
DEBUG from aquamarine ]: [libinput] event4  - ImExPS/2 Generic Explorer Mouse: emulating high-resolution scroll wheel events.
DEBUG from aquamarine ]: [libinput] event4  - ImExPS/2 Generic Explorer Mouse: device is a pointer
DEBUG from aquamarine ]: [libinput] event3  - PC Speaker: not tagged as supported input device
DEBUG from aquamarine ]: [libinput] event3  - not using input device '/dev/input/event3'
DEBUG from aquamarine ]: drm: Enumerated device /sys/devices/pci0000:00/0000:00:01.0/drm/card1
DEBUG from aquamarine ]: libseat: Device /dev/dri/card1 supports kms
WARN from aquamarine ]: drm: No matching render node for /sys/devices/pci0000:00/0000:00:01.0, falling back to sole renderD on the system: /dev/dri/renderD128
DEBUG from aquamarine ]: drm: Enumerated device /sys/devices/pci0000:00/0000:00:02.7/0000:08:00.0/drm/card0
DEBUG from aquamarine ]: libseat: Device /dev/dri/card0 does not support kms
ERR from aquamarine ]: drm: Skipping device /sys/devices/pci0000:00/0000:00:02.7/0000:08:00.0/drm/card0, not a KMS device
DEBUG from aquamarine ]: drm: Found 1 GPUs
DEBUG from aquamarine ]: drm: Starting backend for /dev/dri/card1, with driver qxl
DEBUG from aquamarine ]: drm: Registered gpu /dev/dri/card1
DEBUG from aquamarine ]: drm: Atomic supported, using atomic for modesetting
DEBUG from aquamarine ]: drm: drmProps.supportsAsyncCommit: false
DEBUG from aquamarine ]: drm: drmProps.supportsAddFb2Modifiers: true
DEBUG from aquamarine ]: drm: drmProps.supportsTimelines: false
DEBUG from aquamarine ]: drm: found 4 CRTCs
DEBUG from aquamarine ]: drm: Plane 38 has type 1
DEBUG from aquamarine ]: drm: Plane 38 has 2 formats
DEBUG from aquamarine ]: drm: Plane: checking for modifiers
DEBUG from aquamarine ]: drm: Plane 47 has type 1
DEBUG from aquamarine ]: drm: Plane 47 has 2 formats
DEBUG from aquamarine ]: drm: Plane: checking for modifiers
DEBUG from aquamarine ]: drm: Plane 56 has type 1
DEBUG from aquamarine ]: drm: Plane 56 has 2 formats
DEBUG from aquamarine ]: drm: Plane: checking for modifiers
DEBUG from aquamarine ]: drm: Plane 65 has type 1
DEBUG from aquamarine ]: drm: Plane 65 has 2 formats
DEBUG from aquamarine ]: drm: Plane: checking for modifiers
DEBUG from aquamarine ]: drm: Basic init pass for gpu /dev/dri/card1
DEBUG from aquamarine ]: drm: Scanning connectors for /dev/dri/card1
DEBUG from aquamarine ]: drm: Scanning connector id 45
DEBUG from aquamarine ]: drm: Initializing connector id 45
DEBUG from aquamarine ]: drm: Connector gets name Virtual-1
DEBUG from aquamarine ]: drm: Connector 45 connection state: 1
DEBUG from aquamarine ]: drm: Scanning connector id 54
DEBUG from aquamarine ]: drm: Initializing connector id 54
DEBUG from aquamarine ]: drm: Connector gets name Virtual-2
ERR from aquamarine ]: drm: getCurrentCRTC: No CRTC 0
DEBUG from aquamarine ]: drm: Connector 54 connection state: 2
DEBUG from aquamarine ]: drm: Scanning connector id 63
DEBUG from aquamarine ]: drm: Initializing connector id 63
DEBUG from aquamarine ]: drm: Connector gets name Virtual-3
ERR from aquamarine ]: drm: getCurrentCRTC: No CRTC 0
DEBUG from aquamarine ]: drm: Connector 63 connection state: 2
DEBUG from aquamarine ]: drm: Scanning connector id 72
DEBUG from aquamarine ]: drm: Initializing connector id 72
DEBUG from aquamarine ]: drm: Connector gets name Virtual-4
ERR from aquamarine ]: drm: getCurrentCRTC: No CRTC 0
DEBUG from aquamarine ]: drm: Connector 72 connection state: 2
DEBUG from aquamarine ]: drm: Rechecking CRTCs
DEBUG from aquamarine ]: drm: Skipping connector Virtual-1, has crtc 44 and is connected
DEBUG from aquamarine ]: drm: connector Virtual-2, has crtc -1, will be rechecked
DEBUG from aquamarine ]: drm: connector Virtual-3, has crtc -1, will be rechecked
DEBUG from aquamarine ]: drm: connector Virtual-4, has crtc -1, will be rechecked
DEBUG from aquamarine ]: drm: slot 0 crtc 44 taken by Virtual-1, skipping
DEBUG from aquamarine ]: drm: slot 1 crtc 53 unassigned
DEBUG from aquamarine ]: drm: slot 2 crtc 62 unassigned
DEBUG from aquamarine ]: drm: slot 3 crtc 71 unassigned
DEBUG from aquamarine ]: drm: Connector Virtual-1 connected
DEBUG from aquamarine ]: drm: Connecting connector Virtual-1, CRTC ID 44
DEBUG from aquamarine ]: drm: Dumping detected modes:
DEBUG from aquamarine ]: drm: Mode 0: 1024x768@60.00Hz  (preferred)
DEBUG from aquamarine ]: drm: Mode 1: 2560x1600@59.99Hz 
DEBUG from aquamarine ]: drm: Mode 2: 2560x1600@59.97Hz 
DEBUG from aquamarine ]: drm: Mode 3: 1920x1440@60.00Hz 
DEBUG from aquamarine ]: drm: Mode 4: 1856x1392@59.99Hz 
DEBUG from aquamarine ]: drm: Mode 5: 1792x1344@60.00Hz 
DEBUG from aquamarine ]: drm: Mode 6: 2048x1152@60.00Hz 
DEBUG from aquamarine ]: drm: Mode 7: 1920x1200@59.88Hz 
DEBUG from aquamarine ]: drm: Mode 8: 1920x1200@59.95Hz 
DEBUG from aquamarine ]: drm: Mode 9: 1920x1080@60.00Hz 
DEBUG from aquamarine ]: drm: Mode 10: 1600x1200@60.00Hz 
DEBUG from aquamarine ]: drm: Mode 11: 1680x1050@59.95Hz 
DEBUG from aquamarine ]: drm: Mode 12: 1680x1050@59.88Hz 
DEBUG from aquamarine ]: drm: Mode 13: 1400x1050@59.98Hz 
DEBUG from aquamarine ]: drm: Mode 14: 1400x1050@59.95Hz 
DEBUG from aquamarine ]: drm: Mode 15: 1600x900@60.00Hz 
DEBUG from aquamarine ]: drm: Mode 16: 1280x1024@60.02Hz 
DEBUG from aquamarine ]: drm: Mode 17: 1440x900@59.89Hz 
DEBUG from aquamarine ]: drm: Mode 18: 1440x900@59.90Hz 
DEBUG from aquamarine ]: drm: Mode 19: 1280x960@60.00Hz 
DEBUG from aquamarine ]: drm: Mode 20: 1280x854@59.95Hz 
DEBUG from aquamarine ]: drm: Mode 21: 1366x768@59.79Hz 
DEBUG from aquamarine ]: drm: Mode 22: 1366x768@60.00Hz 
DEBUG from aquamarine ]: drm: Mode 23: 1360x768@60.02Hz 
DEBUG from aquamarine ]: drm: Mode 24: 1280x800@59.81Hz 
DEBUG from aquamarine ]: drm: Mode 25: 1280x800@59.91Hz 
DEBUG from aquamarine ]: drm: Mode 26: 1280x768@59.87Hz 
DEBUG from aquamarine ]: drm: Mode 27: 1280x768@59.99Hz 
DEBUG from aquamarine ]: drm: Mode 28: 1280x720@60.00Hz 
DEBUG from aquamarine ]: drm: Mode 29: 1152x768@59.95Hz 
DEBUG from aquamarine ]: drm: Mode 30: 800x600@60.32Hz 
DEBUG from aquamarine ]: drm: Mode 31: 800x600@56.25Hz 